// Jest Snapshot v1, https://goo.gl/fbAQLP

exports[`Given a Task component When it recives and object then it should render a task with the task text inside 1`] = `
<li
  className="task form-check list-group-item d-flex justify-content-between"
>
  <div
    className="task__left"
  >
    <input
      checked={true}
      className="form-check-input"
      id="task-check"
      name="task-check"
      onChange={[Function]}
      type="checkbox"
    />
    <form
      className="form d-flex justify-content-between"
      onSubmit={[Function]}
    >
      <div
        className="form-group task__text-input"
      >
        <input
          className="task__text form-control border-0"
          onBlur={[Function]}
          onChange={[Function]}
          onFocus={[Function]}
          type="text"
          value="Sacar a Elsa"
        />
      </div>
      <button
        className="task__delete btn btn-danger pull-right"
      >
        -
      </button>
    </form>
  </div>
</li>
`;
